[36mvite v7.3.1 [32mbuilding client environment for production...[36m[39m
transforming...
[32m✓[39m 482 modules transformed.
rendering chunks...
computing gzip size...
[2mdist/[22m[32mindex.html                 [39m[1m[2m    1.16 kB[22m[1m[22m[2m │ gzip:   0.56 kB[22m
[2mdist/[22m[35massets/index-B8pYdt9M.css  [39m[1m[2m   20.08 kB[22m[1m[22m[2m │ gzip:   4.42 kB[22m
[2mdist/[22m[36massets/index-Bb90hlbw.js   [39m[1m[33m1,272.36 kB[39m[22m[2m │ gzip: 364.65 kB[22m
[32m✓ built in 10.91s[39m
